
> orkait-3.0@0.1.0 build
> next build

node.exe : node:internal/modul
es/cjs/loader:1424
At line:1 char:1
+ & "C:\Program 
Files\nodejs/node.exe" 
"C:\Users\Suraj 
yadav\AppData\Ro ...
+ ~~~~~~~~~~~~~~~~~~~~~~~~~~~~
~~~~~~~~~~~~~~~~~~~~~~~~~~~~~~
~~~~~~~~~~~
    + CategoryInfo          : 
    NotSpecified: (node:inte  
  rnal/modules/cjs/loader:1   
 424:String) [], RemoteExc    
eption
    + FullyQualifiedErrorId : 
    NativeCommandError
 
  throw err;
  ^

Error: Cannot find module 
'styled-jsx/style'
Require stack:
- C:\orkait_projects\orkait\no
de_modules\next\dist\server\re
quire-hook.js
- C:\orkait_projects\orkait\no
de_modules\next\dist\bin\next
    at 
Module._resolveFilename (node:
internal/modules/cjs/loader:14
21:15)
    at resolve (node:internal/
modules/helpers:163:19)
    at Object.<anonymous> (C:\
orkait_projects\orkait\node_mo
dules\next\dist\server\require
-hook.js:40:25)
    at Module._compile (node:i
nternal/modules/cjs/loader:176
1:14)
    at Object..js (node:intern
al/modules/cjs/loader:1893:10)
    at Module.load (node:inter
nal/modules/cjs/loader:1481:32
)
    at Module._load (node:inte
rnal/modules/cjs/loader:1300:1
2)
    at 
TracingChannel.traceSync (node
:diagnostics_channel:328:14)
    at wrapModuleLoad (node:in
ternal/modules/cjs/loader:245:
24)
    at Module.require (node:in
ternal/modules/cjs/loader:1504
:12) {
  code: 'MODULE_NOT_FOUND',
  requireStack: [
    'C:\\orkait_projects\\orka
it\\node_modules\\next\\dist\\
server\\require-hook.js',
    'C:\\orkait_projects\\orka
it\\node_modules\\next\\dist\\
bin\\next'
  ]
}

Node.js v24.13.0
